2026-03-09 21:27:13,553  INFO      ============================================================
2026-03-09 21:27:13,553  INFO      Citizens United Import Pipeline — 01_import.py
2026-03-09 21:27:13,553  INFO      Database: /home/sharperace/GitHub/qss_20_final_proj/data/citizens_united.db
2026-03-09 21:27:13,553  INFO      ============================================================
2026-03-09 21:27:13,556  INFO      ============================================================
2026-03-09 21:27:13,556  INFO      VALIDATION — row counts by table and cycle
2026-03-09 21:27:13,556  INFO      ============================================================
2026-03-09 21:27:13,557  INFO      
  candidates:
2026-03-09 21:27:13,557  INFO          2004:        3,843
2026-03-09 21:27:13,557  INFO          2008:        4,108
2026-03-09 21:27:13,557  INFO          2012:        5,952
2026-03-09 21:27:13,557  INFO          2020:        8,060
2026-03-09 21:27:13,560  INFO      
  committees:
2026-03-09 21:27:13,560  INFO          2004:        9,322
2026-03-09 21:27:13,560  INFO          2008:       10,017
2026-03-09 21:27:13,560  INFO          2012:       14,445
2026-03-09 21:27:13,560  INFO          2020:       18,294
2026-03-09 21:27:15,254  INFO      
  individual_contributions:
2026-03-09 21:27:15,254  INFO          2004:    2,537,689
2026-03-09 21:27:15,254  INFO          2008:    3,636,349
2026-03-09 21:27:15,254  INFO          2012:    3,838,983
2026-03-09 21:27:15,254  INFO          2020:   37,145,943
2026-03-09 21:27:15,322  INFO      
  pacs_to_candidates:
2026-03-09 21:27:15,322  INFO          2004:      245,041
2026-03-09 21:27:15,322  INFO          2008:      304,315
2026-03-09 21:27:15,322  INFO          2012:      394,627
2026-03-09 21:27:15,322  INFO          2020:      890,578
2026-03-09 21:27:15,367  INFO      
  pac_to_pac:
2026-03-09 21:27:15,367  INFO          2004:       89,121
2026-03-09 21:27:15,367  INFO          2008:      110,648
2026-03-09 21:27:15,367  INFO          2012:      137,302
2026-03-09 21:27:15,367  INFO          2020:      869,939
2026-03-09 21:27:20,401  INFO      
  expenditures:
2026-03-09 21:27:20,401  INFO          2004:    1,730,695
2026-03-09 21:27:20,401  INFO          2008:    2,907,092
2026-03-09 21:27:20,401  INFO          2012:    7,065,109
2026-03-09 21:27:20,401  INFO          2020:  131,457,097
2026-03-09 21:27:20,401  INFO      
2026-03-09 21:27:20,401  INFO        cpi_factors                   :          4
2026-03-09 21:27:20,401  INFO        category_codes                :        492
2026-03-09 21:27:20,403  INFO        cmtes_527                     :     15,149
2026-03-09 21:27:21,003  INFO        receipts_527                  :  4,715,026
2026-03-09 21:27:21,063  INFO        expenditures_527              :  3,999,783
2026-03-09 21:27:21,064  INFO      
  Presidential candidate check (CID presence):
2026-03-09 21:27:21,069  INFO          George W. Bush            (N00008072): found in cycles ['2004', '2008', '2012']
2026-03-09 21:27:21,069  INFO          John Kerry                (N00000245): found in cycles ['2004', '2004']
2026-03-09 21:27:21,069  INFO          Barack Obama              (N00009638): found in cycles ['2008', '2008', '2012']
2026-03-09 21:27:21,069  INFO          John McCain               (N00006424): found in cycles ['2008', '2008', '2012']
2026-03-09 21:27:21,069  INFO          Mitt Romney               (N00000286): found in cycles ['2008', '2008', '2012']
2026-03-09 21:27:21,070  INFO          Joe Biden                 (N00001669): found in cycles ['2012', '2020']
2026-03-09 21:27:21,070  INFO          Donald Trump              (N00023864): found in cycles ['2012', '2020']
2026-03-09 21:27:21,070  INFO      ============================================================
2026-03-09 21:27:21,149  INFO      
Import pipeline complete in 0.1 minutes.
2026-03-09 21:27:21,149  INFO      Checkpoint saved to /home/sharperace/GitHub/qss_20_final_proj/scripts/import_checkpoint.json
2026-03-09 21:27:21,149  INFO      Next step: run  python scripts/02_clean.py
